#
# There is insufficient memory for the Java Runtime Environment to continue.
# Native memory allocation (mmap) failed to map 134217728 bytes. Error detail: G1 virtual space
# Possible reasons:
#   The system is out of physical RAM or swap space
#   This process is running with CompressedOops enabled, and the Java Heap may be blocking the growth of the native heap
# Possible solutions:
#   Reduce memory load on the system
#   Increase physical memory or swap space
#   Check if swap backing store is full
#   Decrease Java heap size (-Xmx/-Xms)
#   Decrease number of Java threads
#   Decrease Java thread stack sizes (-Xss)
#   Set larger code cache with -XX:ReservedCodeCacheSize=
#   JVM is running with Unscaled Compressed Oops mode in which the Java heap is
#     placed in the first 4GB address space. The Java Heap base address is the
#     maximum limit for the native heap growth. Please use -XX:HeapBaseMinAddress
#     to set the Java Heap base and to place the Java Heap above 4GB virtual address.
# This output file may be truncated or incomplete.
#
#  Out of Memory Error (os_windows.cpp:3828), pid=5656, tid=6316
#
# JRE version:  (21.0.5+8) (build )
# Java VM: OpenJDK 64-Bit Server VM (21.0.5+8-b631.30, mixed mode, sharing, tiered, compressed oops, compressed class ptrs, g1 gc, windows-amd64)
# No core dump will be written. Minidumps are not enabled by default on client versions of Windows
#

---------------  S U M M A R Y ------------

Command Line: git4idea.http.GitAskPassApp Username for 'https://github.com': 

Host: Intel(R) Core(TM) i3-4170 CPU @ 3.70GHz, 4 cores, 7G,  Windows 10 , 64 bit Build 19041 (10.0.19041.5438)
Time: Mon Aug 31 11:43:55 2026 Hora estándar de Argentina elapsed time: 0.018141 seconds (0d 0h 0m 0s)

---------------  T H R E A D  ---------------

Current thread (0x0000022508ebe730):  JavaThread "Unknown thread" [_thread_in_vm, id=6316, stack(0x000000eac5900000,0x000000eac5a00000) (1024K)]

Stack: [0x000000eac5900000,0x000000eac5a00000]
Native frames: (J=compiled Java code, j=interpreted, Vv=VM code, C=native code)
V  [jvm.dll+0x6e52b9]
V  [jvm.dll+0x8c3633]
V  [jvm.dll+0x8c5b8e]
V  [jvm.dll+0x8c6273]
V  [jvm.dll+0x288f46]
V  [jvm.dll+0x6e1a35]
V  [jvm.dll+0x6d5e3a]
V  [jvm.dll+0x3634bb]
V  [jvm.dll+0x36b086]
V  [jvm.dll+0x3bd346]
V  [jvm.dll+0x3bd618]
V  [jvm.dll+0x335c2c]
V  [jvm.dll+0x33691b]
V  [jvm.dll+0x88aa89]
V  [jvm.dll+0x3ca518]
V  [jvm.dll+0x873b98]
V  [jvm.dll+0x45eede]
V  [jvm.dll+0x460bc1]
C  [jli.dll+0x52ab]
C  [ucrtbase.dll+0x21bb2]
C  [KERNEL32.DLL+0x17374]
C  [ntdll.dll+0x4cc91]


---------------  P R O C E S S  ---------------

Threads class SMR info:
_java_thread_list=0x00007ffacfe5a148, length=0, elements={
}

Java Threads: ( => current thread )
Total: 0

Other Threads:
  0x000002250afb35a0 WorkerThread "GC Thread#0"                     [id=9396, stack(0x000000eac5a00000,0x000000eac5b00000) (1024K)]
  0x000002250afc4340 ConcurrentGCThread "G1 Main Marker"            [id=10508, stack(0x000000eac5b00000,0x000000eac5c00000) (1024K)]
  0x000002250afc4d50 WorkerThread "G1 Conc#0"                       [id=7688, stack(0x000000eac5c00000,0x000000eac5d00000) (1024K)]

[error occurred during error reporting (printing all threads), id 0xc0000005, EXCEPTION_ACCESS_VIOLATION (0xc0000005) at pc=0x00007ffacf548ce7]
VM state: not at safepoint (not fully initialized)

VM Mutex/Monitor currently owned by a thread:  ([mutex/lock_event])
[0x00007ffacfeceb30] Heap_lock - owner thread: 0x0000022508ebe730

Heap address: 0x0000000081800000, size: 2024 MB, Compressed Oops mode: 32-bit

CDS archive(s) mapped at: [0x0000000000000000-0x0000000000000000-0x0000000000000000), size 0, SharedBaseAddress: 0x0000000800000000, ArchiveRelocationMode: 1.
Narrow klass base: 0x0000000000000000, Narrow klass shift: 0, Narrow klass range: 0x0

GC Precious Log:
 CardTable entry size: 512
 Card Set container configuration: InlinePtr #cards 5 size 8 Array Of Cards #cards 12 size 40 Howl #buckets 4 coarsen threshold 1843 Howl Bitmap #cards 512 size 80 coarsen threshold 460 Card regions per heap region 1 cards per card region 2048

Heap:
 garbage-first heap   total 0K, used 0K [0x0000000081800000, 0x0000000100000000)
  region size 1024K, 0 young (0K), 0 survivors (0K)
 Metaspace       used 0K, committed 0K, reserved 0K
  class space    used 0K, committed 0K, reserved 0K

Heap Regions: E=young(eden), S=young(survivor), O=old, HS=humongous(starts), HC=humongous(continues), CS=collection set, F=free, TAMS=top-at-mark-start, PB=parsable bottom

Card table byte_map: [0x000002251e300000,0x000002251e700000] _byte_map_base: 0x000002251def4000

Marking Bits: (CMBitMap*) 0x000002250afb3bb0
 Bits: [0x000002251e700000, 0x00000225206a0000)

GC Heap History (0 events):
No events

Dll operation events (1 events):
Event: 0.010 Loaded shared library C:\Program Files\JetBrains\IntelliJ IDEA Community Edition 2024.3.2.2\jbr\bin\java.dll

Deoptimization events (0 events):
No events

Classes loaded (0 events):
No events

Classes unloaded (0 events):
No events

Classes redefined (0 events):
No events

Internal exceptions (0 events):
No events

ZGC Phase Switch (0 events):
No events

VM Operations (0 events):
No events

Memory protections (0 events):
No events

Nmethod flushes (0 events):
No events

Events (0 events):
No events


Dynamic libraries:
0x00007ff6c82c0000 - 0x00007ff6c82ca000 	C:\Program Files\JetBrains\IntelliJ IDEA Community Edition 2024.3.2.2\jbr\bin\java.exe
0x00007ffb01f10000 - 0x00007ffb02108000 	C:\WINDOWS\SYSTEM32\ntdll.dll
0x00007ffb00580000 - 0x00007ffb00642000 	C:\WINDOWS\System32\KERNEL32.DLL
0x00007ffaff9e0000 - 0x00007ffaffcdf000 	C:\WINDOWS\System32\KERNELBASE.dll
0x00007ffaff830000 - 0x00007ffaff930000 	C:\WINDOWS\System32\ucrtbase.dll
0x00007ffafa750000 - 0x00007ffafa76b000 	C:\Program Files\JetBrains\IntelliJ IDEA Community Edition 2024.3.2.2\jbr\bin\VCRUNTIME140.dll
0x00007ffaed5a0000 - 0x00007ffaed5b8000 	C:\Program Files\JetBrains\IntelliJ IDEA Community Edition 2024.3.2.2\jbr\bin\jli.dll
0x00007ffafff30000 - 0x00007ffb000cd000 	C:\WINDOWS\System32\USER32.dll
0x00007ffaff800000 - 0x00007ffaff822000 	C:\WINDOWS\System32\win32u.dll
0x00007ffaed690000 - 0x00007ffaed92a000 	C:\WINDOWS\WinSxS\amd64_microsoft.windows.common-controls_6595b64144ccf1df_6.0.19041.4355_none_60b8b9eb71f62e16\COMCTL32.dll
0x00007ffb01310000 - 0x00007ffb0133b000 	C:\WINDOWS\System32\GDI32.dll
0x00007ffaffd50000 - 0x00007ffaffe6a000 	C:\WINDOWS\System32\gdi32full.dll
0x00007ffaff710000 - 0x00007ffaff7ad000 	C:\WINDOWS\System32\msvcp_win.dll
0x00007ffb00e90000 - 0x00007ffb00f2e000 	C:\WINDOWS\System32\msvcrt.dll
0x00007ffb00550000 - 0x00007ffb0057f000 	C:\WINDOWS\System32\IMM32.DLL
0x00007ffafa740000 - 0x00007ffafa74c000 	C:\Program Files\JetBrains\IntelliJ IDEA Community Edition 2024.3.2.2\jbr\bin\vcruntime140_1.dll
0x00007ffae48a0000 - 0x00007ffae492d000 	C:\Program Files\JetBrains\IntelliJ IDEA Community Edition 2024.3.2.2\jbr\bin\msvcp140.dll
0x00007ffacf200000 - 0x00007ffacffc1000 	C:\Program Files\JetBrains\IntelliJ IDEA Community Edition 2024.3.2.2\jbr\bin\server\jvm.dll
0x00007ffb017f0000 - 0x00007ffb0189f000 	C:\WINDOWS\System32\ADVAPI32.dll
0x00007ffb010e0000 - 0x00007ffb0117f000 	C:\WINDOWS\System32\sechost.dll
0x00007ffb01180000 - 0x00007ffb012a3000 	C:\WINDOWS\System32\RPCRT4.dll
0x00007ffaffe70000 - 0x00007ffaffe97000 	C:\WINDOWS\System32\bcrypt.dll
0x00007ffb00fe0000 - 0x00007ffb0104b000 	C:\WINDOWS\System32\WS2_32.dll
0x00007ffaff410000 - 0x00007ffaff45b000 	C:\WINDOWS\SYSTEM32\POWRPROF.dll
0x00007ffaec660000 - 0x00007ffaec687000 	C:\WINDOWS\SYSTEM32\WINMM.dll
0x00007ffaf5de0000 - 0x00007ffaf5dea000 	C:\WINDOWS\SYSTEM32\VERSION.dll
0x00007ffaff3f0000 - 0x00007ffaff402000 	C:\WINDOWS\SYSTEM32\UMPDC.dll
0x00007ffafd370000 - 0x00007ffafd382000 	C:\WINDOWS\SYSTEM32\kernel.appcore.dll
0x00007ffaf5fa0000 - 0x00007ffaf5faa000 	C:\Program Files\JetBrains\IntelliJ IDEA Community Edition 2024.3.2.2\jbr\bin\jimage.dll
0x00007ffaec690000 - 0x00007ffaec874000 	C:\WINDOWS\SYSTEM32\DBGHELP.DLL
0x00007ffae1360000 - 0x00007ffae1394000 	C:\WINDOWS\SYSTEM32\dbgcore.DLL
0x00007ffaffea0000 - 0x00007ffafff22000 	C:\WINDOWS\System32\bcryptPrimitives.dll
0x00007ffaf5be0000 - 0x00007ffaf5c00000 	C:\Program Files\JetBrains\IntelliJ IDEA Community Edition 2024.3.2.2\jbr\bin\java.dll

dbghelp: loaded successfully - version: 4.0.5 - missing functions: none
symbol engine: initialized successfully - sym options: 0x614 - pdb path: .;C:\Program Files\JetBrains\IntelliJ IDEA Community Edition 2024.3.2.2\jbr\bin;C:\WINDOWS\SYSTEM32;C:\WINDOWS\WinSxS\amd64_microsoft.windows.common-controls_6595b64144ccf1df_6.0.19041.4355_none_60b8b9eb71f62e16;C:\Program Files\JetBrains\IntelliJ IDEA Community Edition 2024.3.2.2\jbr\bin\server

VM Arguments:
java_command: git4idea.http.GitAskPassApp Username for 'https://github.com': 
java_class_path (initial): C:/Program Files/JetBrains/IntelliJ IDEA Community Edition 2024.3.2.2/plugins/vcs-git/lib/git4idea-rt.jar;C:/Program Files/JetBrains/IntelliJ IDEA Community Edition 2024.3.2.2/lib/externalProcess-rt.jar
Launcher Type: SUN_STANDARD

[Global flags]
     intx CICompilerCount                          = 3                                         {product} {ergonomic}
     uint ConcGCThreads                            = 1                                         {product} {ergonomic}
     uint G1ConcRefinementThreads                  = 4                                         {product} {ergonomic}
   size_t G1HeapRegionSize                         = 1048576                                   {product} {ergonomic}
    uintx GCDrainStackTargetSize                   = 64                                        {product} {ergonomic}
   size_t InitialHeapSize                          = 134217728                                 {product} {ergonomic}
   size_t MarkStackSize                            = 4194304                                   {product} {ergonomic}
   size_t MaxHeapSize                              = 2122317824                                {product} {ergonomic}
   size_t MinHeapDeltaBytes                        = 1048576                                   {product} {ergonomic}
   size_t MinHeapSize                              = 8388608                                   {product} {ergonomic}
    uintx NonNMethodCodeHeapSize                   = 5832780                                {pd product} {ergonomic}
    uintx NonProfiledCodeHeapSize                  = 122912730                              {pd product} {ergonomic}
    uintx ProfiledCodeHeapSize                     = 122912730                              {pd product} {ergonomic}
    uintx ReservedCodeCacheSize                    = 251658240                              {pd product} {ergonomic}
     bool SegmentedCodeCache                       = true                                      {product} {ergonomic}
   size_t SoftMaxHeapSize                          = 2122317824                             {manageable} {ergonomic}
     bool UseCompressedOops                        = true                           {product lp64_product} {ergonomic}
     bool UseG1GC                                  = true                                      {product} {ergonomic}
     bool UseLargePagesIndividualAllocation        = false                                  {pd product} {ergonomic}

Logging:
Log output configuration:
 #0: stdout all=warning uptime,level,tags foldmultilines=false
 #1: stderr all=off uptime,level,tags foldmultilines=false

Environment Variables:
JAVA_HOME=C:\Program Files\java\jdk-19.0.1
PATH=C:/Users/usuario/AppData/Local/Programs/Git/mingw64/libexec/git-core;C:/Users/usuario/AppData/Local/Programs/Git/mingw64/libexec/git-core;C:\Users\usuario\AppData\Local\Programs\Git\mingw64\bin;C:\Users\usuario\AppData\Local\Programs\Git\usr\bin;C:\Users\usuario\bin;C:\Program Files\Common Files\Oracle\Java\javapath;C:\Program Files\CodeBlocks\MinGW;C:\Program Files\java\jdk-19.0.1\bin;C:\Program Files\dotnet\;C:\Program Files\Microsoft SQL Server\120\Tools\Binn\;C:\Program Files\Common Files\Autodesk Shared\;C:\Users\usuario\Documents\apache-maven-3.9.5\bin;C:\Program Files\Inkscape\bin;C:\Program Files\nodejs\;C:\Users\usuario\AppData\Local\Programs\Python\Python312\Scripts\;C:\Users\usuario\AppData\Local\Programs\Python\Python312\;C:\Users\usuario\AppData\Local\Programs\Python\Python311\Scripts\;C:\Users\usuario\AppData\Local\Programs\Python\Python311\;C:\Users\usuario\AppData\Local\Microsoft\WindowsApps;C:\Users\usuario\AppData\Local\Programs\Microsoft VS Code\bin;C:\Users\usuario\AppData\Local\Programs\Git\cmd;C:\Users\usuario\AppData\Roaming\npm
USERNAME=usuario
DISPLAY=:0.0
LC_ALL=en_US.UTF-8
TERM=xterm-256color
TMPDIR=C:\Users\usuario\AppData\Local\Temp
OS=Windows_NT
PROCESSOR_IDENTIFIER=Intel64 Family 6 Model 60 Stepping 3, GenuineIntel
TMP=C:\Users\usuario\AppData\Local\Temp
TEMP=C:\Users\usuario\AppData\Local\Temp




Periodic native trim disabled

JNI global refs:
JNI global refs: 0, weak refs: 0

JNI global refs memory usage: 0, weak refs: 0

Process memory usage:
Resident Set Size: 10500K (0% of 8286196K total physical memory with 362324K free physical memory)

OOME stack traces (most recent first):
Classloader memory used:

---------------  S Y S T E M  ---------------

OS:
 Windows 10 , 64 bit Build 19041 (10.0.19041.5438)
OS uptime: 0 days 1:12 hours

CPU: total 4 (initial active 4) (2 cores per cpu, 2 threads per core) family 6 model 60 stepping 3 microcode 0x27, cx8, cmov, fxsr, ht, mmx, sse, sse2, sse3, ssse3, sse4.1, sse4.2, popcnt, lzcnt, tsc, tscinvbit, avx, avx2, aes, erms, clmul, bmi1, bmi2, fma, vzeroupper, clflush, rdtscp, f16c
Processor Information for all 4 processors :
  Max Mhz: 3700, Current Mhz: 3700, Mhz Limit: 3700

Memory: 4k page, system-wide physical 8091M (353M free)
TotalPageFile size 8603M (AvailPageFile size 105M)
current process WorkingSet (physical memory assigned to process): 10M, peak: 10M
current process commit charge ("private bytes"): 51M, peak: 179M

vm_info: OpenJDK 64-Bit Server VM (21.0.5+8-b631.30) for windows-amd64 JRE (21.0.5+8-b631.30), built on 2024-12-06 by "builduser" with MS VC++ 16.10 / 16.11 (VS2019)

END.
